This is pdfTeX, Version 3.141592653-2.6-1.40.28 (TeX Live 2025) (preloaded format=pdflatex 2026.1.16)  31 MAR 2026 14:23
entering extended mode
 restricted \write18 enabled.
 %&-line parsing enabled.
**title-page.tex
(./title-page.tex
LaTeX2e <2025-11-01>
L3 programming layer <2025-12-29>

! LaTeX Error: File `nuthesis.cls' not found.

Type X to quit or <RETURN> to proceed,
or enter new name. (Default extension: cls)

Enter file name: 
! Emergency stop.
<read *> 
         
l.12 \usepackage
                {amsmath}^^M
*** (cannot \read from terminal in nonstop modes)

 
Here is how much of TeX's memory you used:
 19 strings out of 469458
 436 string characters out of 5466226
 433730 words of memory out of 5000000
 28782 multiletter control sequences out of 15000+600000
 627721 words of font info for 40 fonts, out of 8000000 for 9000
 36 hyphenation exceptions out of 8191
 19i,0n,29p,70b,17s stack positions out of 10000i,1000n,20000p,200000b,200000s
!  ==> Fatal error occurred, no output PDF file produced!
